contig	position	variantID	refAllele	altAllele	refCount	altCount	totalCount	ase_ratio	ref_bias	AEI_pval	AEI_padj	gene_id	feature
chr1	1000101	.	C	A	10	17	27	0.3703703703703703	0.582842190016103	0.0310258352085117	0.0764721290350642	ENSG00000188290.11	exon
chr1	1000201	.	G	T	17	14	31	0.5483870967741935	0.5252228857689979	0.858502921003351	0.9389875698474152		
chr1	1000901	.	A	T	15	11	26	0.5769230769230769	0.4896178177699917	0.4350242093704212	0.6042002907922517		
chr1	1001001	.	A	T	10	16	26	0.3846153846153846	0.4896178177699917	0.3296650114868912	0.4973394569845342		
chr1	1001101	.	G	C	13	8	21	0.6190476190476191	0.5519098750220032	0.6624358147181474	0.8138984621364342		
chr1	1002000	.	C	T	17	2	19	0.8947368421052632	0.5283767802246063	0.0009883791105733	0.0064778647514039	ENSG00000187608.10	intron
chr1	1002098	.	G	C	16	2	18	0.8888888888888888	0.5519098750220032	0.0035732931972195	0.0160340079362413	ENSG00000187608.10	intron
chr1	1002101	.	A	T	15	3	18	0.8333333333333334	0.4896178177699917	0.0037815914873238	0.0165444627570416	ENSG00000187608.10	intron
chr1	1002201	.	T	A	15	5	20	0.75	0.5512857142857144	0.1133109588866762	0.2155371500561776	ENSG00000187608.10	intron
chr2	1000301	.	T	C	6	14	20	0.3	0.5586193194888847	0.0238064484317382	0.0640942842392952	ENSG00000172554.12	intron
chr2	1000601	.	A	C	3	16	19	0.1578947368421052	0.4664339695392326	0.0094602620044957	0.0324616833487598	ENSG00000172554.12	intron
chr2	1000701	.	G	T	10	8	18	0.5555555555555556	0.5252228857689979	0.8187342651438592	0.9257876786285836	ENSG00000172554.12	intron
chr2	1000901	.	A	C	4	22	26	0.1538461538461538	0.4664339695392326	0.0012552298232207	0.0075746627263322	ENSG00000172554.12	intron
chr2	1001101	.	T	C	14	9	23	0.6086956521739131	0.5586193194888847	0.6797417061698244	0.8165831720356163	ENSG00000172554.12	intron
chr2	1001201	.	C	G	18	6	24	0.75	0.4883382407066617	0.0129769813549207	0.0405530667341272	ENSG00000172554.12	intron
chr2	1001501	.	G	C	8	13	21	0.3809523809523809	0.5519098750220032	0.1282873710109895	0.2363188413360333	ENSG00000172554.12	intron
chr2	1001801	.	T	C	13	5	18	0.7222222222222222	0.5586193194888847	0.2348575814514719	0.384112866859884	ENSG00000172554.12	intron
chr2	1001876	.	T	A	20	2	22	0.9090909090909092	0.5512857142857144	0.0004225655365227	0.0042006793691087	ENSG00000172554.12	intron
chr2	1001901	.	T	G	14	10	24	0.5833333333333334	0.4776190476190476	0.3149483564173437	0.4792692380263926	ENSG00000172554.12	intron
chr2	1002201	.	G	C	5	19	24	0.2083333333333333	0.5519098750220032	0.0007695654422842	0.0062087697648824	ENSG00000172554.12	intron
chr2	1002401	.	A	G	3	15	18	0.1666666666666666	0.6521739130434783	3.3048258275252055e-05	0.0006765904625754	ENSG00000172554.12	intron
chr3	1000101	.	G	A	13	9	22	0.5909090909090909	0.4916558441558442	0.3983597672634995	0.5761401592653919		
chr3	1000201	.	G	C	2	21	23	0.0869565217391304	0.5519098750220032	5.1143278335339644e-06	0.0002983357902894		
chr3	1000301	.	G	T	9	10	19	0.4736842105263157	0.5252228857689979	0.6553850449447837	0.8138984621364342		
chr3	1000501	.	T	A	18	6	24	0.75	0.5512857142857144	0.063577207153487	0.1340483283356653		
chr3	1000801	.	T	G	15	3	18	0.8333333333333334	0.4776190476190476	0.0033463665349363	0.01560135572979		
chr3	1001001	.	A	C	4	20	24	0.1666666666666666	0.4664339695392326	0.0033877229584686	0.01560135572979		
chr3	1001401	.	T	C	2	18	20	0.1	0.5586193194888847	3.479608093245359e-05	0.0006765904625754		
chr3	1001501	.	C	G	18	7	25	0.72	0.4883382407066617	0.0262986133655196	0.0686904080442678		
chr3	1001701	.	T	G	8	13	21	0.3809523809523809	0.4776190476190476	0.3933492843662704	0.5745612887559377		
chr3	1002001	.	A	T	13	14	27	0.4814814814814814	0.4896178177699917	1.0	1.0		
chr4	1000101	.	A	C	6	13	19	0.3157894736842105	0.4664339695392326	0.250935026984714	0.3992148156574996	ENSG00000127415.13	intron
chr4	1000601	.	T	C	19	4	23	0.8260869565217391	0.5586193194888847	0.0106022576851659	0.0343591684241487	ENSG00000127415.13	intron
chr4	1000701	.	A	G	12	6	18	0.6666666666666666	0.6521739130434783	1.0	1.0	ENSG00000127415.13	intron
chr4	1001001	.	C	A	7	15	22	0.3181818181818182	0.582842190016103	0.0159461800857751	0.0481134743967352	ENSG00000127415.13	exon
chr4	1001101	.	G	T	14	13	27	0.5185185185185185	0.5252228857689979	1.0	1.0	ENSG00000127415.13	exon
chr4	1001701	.	C	A	12	8	20	0.6	0.582842190016103	1.0	1.0	ENSG00000127415.13	exon
chr5	1000301	.	C	T	13	11	24	0.5416666666666666	0.5283767802246063	1.0	1.0		
chr5	1000401	.	T	A	16	6	22	0.7272727272727273	0.5512857142857144	0.1323575072412777	0.2412767059085792		
chr5	1000501	.	C	G	10	9	19	0.5263157894736842	0.4883382407066617	0.820574253555565	0.9257876786285836		
chr5	1000601	.	G	A	5	11	16	0.3125	0.4916558441558442	0.211134015339483	0.350504271667674		
chr5	1000901	.	C	G	6	13	19	0.3157894736842105	0.4883382407066617	0.1692626972811433	0.2904016865117654		
chr5	1001201	.	C	G	4	15	19	0.2105263157894736	0.4883382407066617	0.0198153713847568	0.0568473769234827		
chr5	1001401	.	A	T	18	8	26	0.6923076923076923	0.4896178177699917	0.0486524526940391	0.1064272402682105		
chr5	1001601	.	C	A	15	6	21	0.7142857142857143	0.582842190016103	0.2719449454571563	0.422409752694614		
chr5	1001901	.	A	C	8	11	19	0.4210526315789473	0.4664339695392326	0.8194648274766468	0.9257876786285836		
chr5	1002101	.	T	G	20	7	27	0.7407407407407407	0.4776190476190476	0.006644341971363	0.0252773879345333		
chr5	1002201	.	C	G	10	15	25	0.4	0.4883382407066617	0.4275280499645195	0.603366199546701		
chr5	1002301	.	G	A	16	9	25	0.64	0.4916558441558442	0.1629565731903448	0.2852386159042441		
chr6	1000101	.	A	G	5	17	22	0.2272727272727272	0.6521739130434783	5.784381860121896e-05	0.0009202425686557	ENSG00000286785.1	intron
chr6	1000301	.	T	C	28	6	34	0.8235294117647058	0.5586193194888847	0.0015916867079172	0.0086391022786184	ENSG00000286785.1	intron
chr6	1001001	.	G	A	7	15	22	0.3181818181818182	0.4916558441558442	0.1349891991755073	0.2435372150073586	ENSG00000286785.1	intron
chr6	1001101	.	C	G	11	11	22	0.5	0.4883382407066617	1.0	1.0	ENSG00000286785.1	intron
chr6	1001301	.	G	T	3	13	16	0.1875	0.5252228857689979	0.0099638074069201	0.0335320441579044	ENSG00000286785.1	intron
chr6	1001401	.	G	C	7	19	26	0.2692307692307692	0.5519098750220032	0.0049051575780179	0.0190756128034033	ENSG00000286785.1	intron
chr6	1001601	.	A	C	17	4	21	0.8095238095238095	0.4664339695392326	0.0017251151598444	0.0088792692050819	ENSG00000286785.1	intron
chr6	1001701	.	C	A	16	8	24	0.6666666666666666	0.582842190016103	0.5355555237085288	0.710016792795398	ENSG00000286785.1	intron
chr6	1002201	.	C	G	15	6	21	0.7142857142857143	0.4883382407066617	0.0483053452752562	0.1064272402682105	ENSG00000286785.1	intron
chr7	1000101	.	C	T	13	6	19	0.6842105263157895	0.5283767802246063	0.2501716443990788	0.3992148156574996	ENSG00000146540.15	intron
chr7	1000201	.	G	C	5	18	23	0.217391304347826	0.5519098750220032	0.0013603323929343	0.0076792957665649	ENSG00000146540.15	intron
chr7	1000301	.	A	T	9	12	21	0.4285714285714285	0.4896178177699917	0.6650713147743434	0.8138984621364342	ENSG00000146540.15	intron
chr7	1000401	.	G	T	16	6	22	0.7272727272727273	0.5252228857689979	0.0854239112573729	0.171829706552187	ENSG00000146540.15	intron
chr7	1000701	.	G	T	14	8	22	0.6363636363636364	0.5252228857689979	0.3939848837183572	0.5745612887559377	ENSG00000146540.15	intron
chr7	1000901	.	A	C	4	24	28	0.1428571428571428	0.4664339695392326	0.0004562498565014	0.0042023013098815	ENSG00000146540.15	intron
chr7	1001001	.	G	A	8	20	28	0.2857142857142857	0.4916558441558442	0.0364082485402042	0.0849525799271433	ENSG00000146540.15	intron
chr7	1001201	.	G	C	7	12	19	0.3684210526315789	0.5519098750220032	0.1646234297504495	0.2852386159042441	ENSG00000146540.15	intron
chr7	1001301	.	G	T	8	10	18	0.4444444444444444	0.5252228857689979	0.6382613262665384	0.8138984621364342	ENSG00000146540.15	intron
chr7	1002001	.	G	A	2	16	18	0.1111111111111111	0.4916558441558442	0.0013461596380014	0.0076792957665649	ENSG00000146540.15	intron
chr8	1000301	.	T	G	7	13	20	0.35	0.4776190476190476	0.2727560117399508	0.422409752694614	ENSG00000198010.13	intron
chr8	1000601	.	T	G	14	5	19	0.7368421052631579	0.4776190476190476	0.0359911379314782	0.0849525799271433	ENSG00000198010.13	intron
chr8	1000901	.	T	C	6	15	21	0.2857142857142857	0.5586193194888847	0.0146252969013303	0.0449022273286459	ENSG00000198010.13	intron
chr8	1001001	.	C	T	12	9	21	0.5714285714285714	0.5283767802246063	0.8279090965847513	0.9257876786285836	ENSG00000198010.13	intron
chr8	1001101	.	C	G	16	6	22	0.7272727272727273	0.4883382407066617	0.0315446991054723	0.0766711436591342	ENSG00000198010.13	intron
chr8	1001601	.	A	G	2	14	16	0.125	0.6521739130434783	2.078608805018686e-05	0.0006062609014637	ENSG00000198010.13	intron
chr8	1001901	.	T	C	7	18	25	0.28	0.5586193194888847	0.0075239714561279	0.0272787316558506	ENSG00000198010.13	intron
chr8	1002001	.	T	C	19	5	24	0.7916666666666666	0.5586193194888847	0.0232493568084084	0.0635724600229917	ENSG00000198010.13	intron
chr8	1002201	.	C	A	15	9	24	0.625	0.582842190016103	0.8366000901539146	0.9257876786285836	ENSG00000198010.13	exon
chr8	1002401	.	T	G	7	12	19	0.3684210526315789	0.4776190476190476	0.3684711166764767	0.546461401850707	ENSG00000198010.13	exon
chr9	1000101	.	T	C	3	17	20	0.15	0.5586193194888847	0.0003551707497044	0.0041436587465515		
chr9	1000701	.	C	G	15	11	26	0.5769230769230769	0.4883382407066617	0.4345093967959446	0.6042002907922517		
chr9	1000942	.	T	G	22	3	25	0.88	0.4776190476190476	5.66749572816947e-05	0.0009202425686557		
chr9	1001501	.	T	C	14	8	22	0.6363636363636364	0.5586193194888847	0.5248591340447273	0.710016792795398		
chr9	1001901	.	A	C	18	8	26	0.6923076923076923	0.4664339695392326	0.028851551469892	0.07212887867473	ENSG00000252991.1	exon
chr9	1002101	.	A	T	8	15	23	0.3478260869565217	0.4896178177699917	0.2123054445529911	0.350504271667674		
chr10	1000201	.	G	T	2	21	23	0.0869565217391304	0.5252228857689979	2.0238197433344963e-05	0.0006062609014637	ENSG00000107937.19	intron
chr10	1000401	.	C	G	11	9	20	0.55	0.4883382407066617	0.6578403785817264	0.8138984621364342	ENSG00000107937.19	intron
chr10	1000601	.	G	A	13	4	17	0.7647058823529411	0.4916558441558442	0.0285168503195369	0.07212887867473	ENSG00000107937.19	intron
chr10	1000701	.	G	C	5	20	25	0.2	0.5519098750220032	0.0004320698779654	0.0042006793691087	ENSG00000107937.19	exon
chr10	1001301	.	T	C	13	8	21	0.6190476190476191	0.5586193194888847	0.6638149740833541	0.8138984621364342	ENSG00000107937.19	intron
chr10	1001601	.	G	C	19	6	25	0.76	0.5519098750220032	0.0434488216340083	0.0987473218954735	ENSG00000107937.19	intron
chr10	1001801	.	G	C	7	13	20	0.35	0.5519098750220032	0.075691318958923	0.1558350684448416	ENSG00000107937.19	intron
chr10	1002001	.	G	T	11	12	23	0.4782608695652174	0.5252228857689979	0.6812636749554284	0.8165831720356163	ENSG00000107937.19	intron
chr10	1002101	.	T	G	11	10	21	0.5238095238095238	0.4776190476190476	0.8277726160906098	0.9257876786285836	ENSG00000107937.19	intron
chr10	1002301	.	G	A	6	16	22	0.2727272727272727	0.4916558441558442	0.0531925353669218	0.1149221443112507	ENSG00000107937.19	intron
chr11	1000101	.	T	A	24	4	28	0.8571428571428571	0.5512857142857144	0.0009246976801689	0.0064728837611828	ENSG00000183020.15	intron
chr11	1000301	.	A	G	3	20	23	0.1304347826086956	0.6521739130434783	3.564212834744623e-07	6.237372460803089e-05	ENSG00000183020.15	intron
chr11	1000523	.	T	A	14	2	16	0.875	0.5512857142857144	0.0101568479745432	0.0335367621800955	ENSG00000183020.15	exon
chr11	1000801	.	G	C	21	4	25	0.84	0.5519098750220032	0.0039904754735863	0.0166269811399432	ENSG00000183020.15	intron
chr11	1001001	.	G	T	21	3	24	0.875	0.5252228857689979	0.0006658464472081	0.0058261564130711	ENSG00000183020.15	intron
chr11	1001101	.	C	T	18	10	28	0.6428571428571429	0.5283767802246063	0.258991044667033	0.4083192145651422	ENSG00000183020.15	intron
chr11	1001301	.	T	C	10	17	27	0.3703703703703703	0.5586193194888847	0.053904122018795	0.1150392847962089	ENSG00000183020.15	intron
chr11	1001701	.	G	T	12	9	21	0.5714285714285714	0.5252228857689979	0.8277723080074116	0.9257876786285836	ENSG00000183020.15	exon
chr11	1001956	.	A	C	18	3	21	0.8571428571428571	0.4664339695392326	0.0002899665184583	0.0036245814807299	ENSG00000183020.15	exon
chr11	1002001	.	T	A	17	6	23	0.7391304347826086	0.5512857142857144	0.0922929613008455	0.1794585358627552	ENSG00000183020.15	exon
chr11	1002103	.	A	G	17	2	19	0.8947368421052632	0.6521739130434783	0.0285913271951696	0.07212887867473	ENSG00000183020.15	exon
chr11	1002201	.	G	C	20	3	23	0.8695652173913043	0.5519098750220032	0.0024559978624502	0.0119388784980221	ENSG00000183020.15	exon
chr12	1000401	.	C	A	19	4	23	0.8260869565217391	0.582842190016103	0.0191456944301688	0.055841608754659	ENSG00000082805.21	intron
chr12	1000601	.	A	T	13	10	23	0.5652173913043478	0.4896178177699917	0.534732617702323	0.710016792795398	ENSG00000082805.21	intron
chr12	1000813	.	A	G	20	2	22	0.9090909090909092	0.6521739130434783	0.0118853532577469	0.037817033092831	ENSG00000082805.21	intron
chr12	1001201	.	C	G	4	18	22	0.1818181818181818	0.4883382407066617	0.0045665997278135	0.0181626125538039	ENSG00000082805.21	intron
chr12	1001401	.	A	G	15	8	23	0.6521739130434783	0.6521739130434783	1.0	1.0	ENSG00000082805.21	intron
chr12	1001701	.	A	C	9	15	24	0.375	0.4664339695392326	0.4180067754625824	0.5995998828356716	ENSG00000082805.21	intron
chr12	1001901	.	C	T	3	22	25	0.12	0.5283767802246063	2.7936300449789656e-05	0.0006765904625754	ENSG00000082805.21	intron
chr12	1002201	.	T	A	5	19	24	0.2083333333333333	0.5512857142857144	0.0007805310561566	0.0062087697648824	ENSG00000082805.21	intron
chr12	1002335	.	G	T	16	2	18	0.8888888888888888	0.5252228857689979	0.0016290878582537	0.0086391022786184	ENSG00000082805.21	intron
chr12	1002401	.	G	T	2	15	17	0.1176470588235294	0.5252228857689979	0.0008776729254353	0.0063996984146327	ENSG00000082805.21	intron
chr16	1000201	.	C	G	17	6	23	0.7391304347826086	0.4883382407066617	0.0203472332594133	0.0574317067806023	ENSG00000260496.3	intron
chr16	1000301	.	C	A	21	2	23	0.9130434782608696	0.582842190016103	0.0009994419902166	0.0064778647514039	ENSG00000260496.3	intron
chr16	1000501	.	C	A	28	3	31	0.9032258064516128	0.582842190016103	0.0001604228314588	0.0021595381157925	ENSG00000260496.3	exon
chr16	1000504	.	A	T	29	3	32	0.90625	0.4896178177699917	9.559838575891354e-07	8.364858753904935e-05	ENSG00000260496.3	exon
chr16	1000601	.	G	C	11	8	19	0.5789473684210527	0.5519098750220032	1.0	1.0	ENSG00000260496.3	intron
chr16	1000701	.	C	G	8	11	19	0.4210526315789473	0.4883382407066617	0.6493274254221344	0.8138984621364342	ENSG00000260496.3	intron
chr16	1001301	.	G	T	11	8	19	0.5789473684210527	0.5252228857689979	0.8191106665308572	0.9257876786285836		
chr16	1001537	.	C	A	16	2	18	0.8888888888888888	0.582842190016103	0.0076380448636381	0.0272787316558506		
chr16	1001601	.	C	G	11	11	22	0.5	0.4883382407066617	1.0	1.0		
chr16	1001801	.	T	A	12	8	20	0.6	0.5512857142857144	0.8229568787484182	0.9257876786285836		
chr16	1001901	.	T	C	25	4	29	0.8620689655172413	0.5586193194888847	0.001052842701432	0.0065802668839505		
chr16	1002201	.	C	A	14	5	19	0.7368421052631579	0.582842190016103	0.2446344362931398	0.3963983921416619		
chr16	1002401	.	G	C	13	6	19	0.6842105263157895	0.5519098750220032	0.3565866451417571	0.5333560931607477		
chr17	1000201	.	T	C	19	6	25	0.76	0.5586193194888847	0.0452363510768777	0.1014918133135078	ENSG00000177370.5	intron
chr17	1000901	.	T	A	17	6	23	0.7391304347826086	0.5512857142857144	0.0922929613008455	0.1794585358627552	ENSG00000177370.5	intron
chr17	1001001	.	T	A	8	12	20	0.4	0.5512857142857144	0.1849120753812163	0.3141710018612899	ENSG00000177370.5	intron
chr17	1001201	.	T	A	14	11	25	0.56	0.5512857142857144	1.0	1.0	ENSG00000177370.5	exon
chr17	1001601	.	C	G	6	22	28	0.2142857142857142	0.4883382407066617	0.0039727781835013	0.0166269811399432	ENSG00000177370.5	exon
chr17	1002193	.	T	A	22	3	25	0.88	0.5512857142857144	0.0008629814274193	0.0063996984146327	ENSG00000177370.5	exon
chr17	1002301	.	G	A	6	17	23	0.2608695652173913	0.4916558441558442	0.0352598810878135	0.0845271121968133	ENSG00000177370.5	exon
chr17	1002401	.	T	A	15	9	24	0.625	0.5512857142857144	0.5416076726705394	0.7126416745664993	ENSG00000177370.5	exon
chr18	1000701	.	A	C	8	17	25	0.32	0.4664339695392326	0.1634029169649385	0.2852386159042441	ENSG00000263551.6	intron
chr18	1000901	.	A	C	19	3	22	0.8636363636363636	0.4664339695392326	0.0001562732105198	0.0021595381157925	ENSG00000263551.6	intron
chr18	1001101	.	T	A	17	6	23	0.7391304347826086	0.5512857142857144	0.0922929613008455	0.1794585358627552	ENSG00000263551.6	intron
chr18	1001401	.	A	T	4	18	22	0.1818181818181818	0.4896178177699917	0.0045201500628023	0.0181626125538039	ENSG00000263551.6	intron
chr18	1001701	.	T	A	12	9	21	0.5714285714285714	0.5512857142857144	1.0	1.0	ENSG00000263551.6	intron
chr19	1000101	.	G	C	16	10	26	0.6153846153846154	0.5519098750220032	0.5597162062113359	0.7309726573655506	ENSG00000266990.1	exon
chr19	1000201	.	G	A	19	3	22	0.8636363636363636	0.4916558441558442	0.0004066167210034	0.0042006793691087	ENSG00000266990.1	intron
chr19	1000301	.	C	T	13	5	18	0.7222222222222222	0.5283767802246063	0.1547509109362992	0.2763409123862486	ENSG00000266990.1	intron
chr19	1000401	.	G	A	15	5	20	0.75	0.4916558441558442	0.0245229333282596	0.0650229292794762	ENSG00000266990.1	intron
chr19	1000501	.	G	T	13	9	22	0.5909090909090909	0.5252228857689979	0.6706209369144369	0.8149907219446282	ENSG00000116032.5	exon
chr19	1000501	.	G	T	13	9	22	0.5909090909090909	0.5252228857689979	0.6706209369144369	0.8149907219446282	ENSG00000266990.1	intron
chr19	1000601	.	C	T	11	14	25	0.44	0.5283767802246063	0.4262022981740598	0.603366199546701	ENSG00000116032.5	exon
chr19	1000601	.	C	T	11	14	25	0.44	0.5283767802246063	0.4262022981740598	0.603366199546701	ENSG00000266990.1	intron
chr19	1000701	.	C	G	13	13	26	0.5	0.4883382407066617	1.0	1.0	ENSG00000116032.5	exon
chr19	1000701	.	C	G	13	13	26	0.5	0.4883382407066617	1.0	1.0	ENSG00000266990.1	intron
chr19	1000801	.	G	A	9	11	20	0.45	0.4916558441558442	0.8242930418189334	0.9257876786285836	ENSG00000116032.5	exon
chr19	1000801	.	G	A	9	11	20	0.45	0.4916558441558442	0.8242930418189334	0.9257876786285836	ENSG00000266990.1	intron
chr19	1000901	.	G	A	17	7	24	0.7083333333333334	0.4916558441558442	0.0404988944121342	0.0932540331858354	ENSG00000116032.5	intron
chr19	1000901	.	G	A	17	7	24	0.7083333333333334	0.4916558441558442	0.0404988944121342	0.0932540331858354	ENSG00000266990.1	intron
chr19	1001201	.	C	T	9	13	22	0.4090909090909091	0.5283767802246063	0.291024999746397	0.4467489031194691	ENSG00000116032.5	intron
chr19	1001201	.	C	T	9	13	22	0.4090909090909091	0.5283767802246063	0.291024999746397	0.4467489031194691	ENSG00000266990.1	intron
chr19	1001301	.	C	A	4	21	25	0.16	0.582842190016103	1.9104457205737387e-05	0.0006062609014637	ENSG00000116032.5	intron
chr19	1001301	.	C	A	4	21	25	0.16	0.582842190016103	1.9104457205737387e-05	0.0006062609014637	ENSG00000266990.1	intron
chr19	1001701	.	C	G	9	13	22	0.4090909090909091	0.4883382407066617	0.5259771726603295	0.710016792795398	ENSG00000116032.5	intron
chr19	1001701	.	C	G	9	13	22	0.4090909090909091	0.4883382407066617	0.5259771726603295	0.710016792795398	ENSG00000266990.1	intron
chr19	1002001	.	G	C	5	17	22	0.2272727272727272	0.5519098750220032	0.0023841666817037	0.0119208334085189	ENSG00000116032.5	intron
chr19	1002001	.	G	C	5	17	22	0.2272727272727272	0.5519098750220032	0.0023841666817037	0.0119208334085189	ENSG00000266990.1	intron
chr19	1002201	.	T	C	18	3	21	0.8571428571428571	0.5586193194888847	0.0068734120783653	0.0255924917811474	ENSG00000116032.5	intron
chr19	1002201	.	T	C	18	3	21	0.8571428571428571	0.5586193194888847	0.0068734120783653	0.0255924917811474	ENSG00000266990.1	intron
chr20	1000101	.	T	C	11	6	17	0.6470588235294118	0.5586193194888847	0.6266898864265319	0.8123757787010598	ENSG00000101282.9	intron
chr20	1000301	.	C	G	7	16	23	0.3043478260869565	0.4883382407066617	0.0951745884276345	0.183028054668528	ENSG00000101282.9	intron
chr20	1000601	.	G	T	8	13	21	0.3809523809523809	0.5252228857689979	0.1975701271450201	0.3324497331767166	ENSG00000101282.9	intron
chr20	1001401	.	C	T	6	16	22	0.2727272727272727	0.5283767802246063	0.0184881008340163	0.05483758721954	ENSG00000101282.9	intron
chr20	1001501	.	G	C	13	10	23	0.5652173913043478	0.5519098750220032	1.0	1.0	ENSG00000101282.9	intron
chr20	1001901	.	C	T	13	10	23	0.5652173913043478	0.5283767802246063	0.8356107541558506	0.9257876786285836	ENSG00000101282.9	intron
chr20	1002301	.	C	T	5	16	21	0.238095238095238	0.5283767802246063	0.0083626526972051	0.0292692844402178	ENSG00000101282.9	exon
chr20	1002401	.	A	T	11	14	25	0.44	0.4896178177699917	0.691637882650471	0.8233784317267512		
