contig	position	variantID	refAllele	altAllele	refCount	altCount	totalCount	ase_ratio	ref_bias	AEI_pval	AEI_padj	gene_id	feature
chr1	1000601	.	T	G	16	7	23	0.6956521739130435	0.5722901002506265	0.2936578083200933	0.4430626581671583		
chr1	1000701	.	G	A	7	18	25	0.28	0.52505031391187	0.0158819255364669	0.0449959032026266		
chr1	1000901	.	A	G	10	7	17	0.5882352941176471	0.4359367102995289	0.2280623364375592	0.356606562429638		
chr1	1001001	.	A	G	14	12	26	0.5384615384615384	0.4359367102995289	0.3259322008769111	0.4832787806105923		
chr1	1001101	.	G	A	15	10	25	0.6	0.52505031391187	0.5496166456233066	0.6752433074800623		
chr1	1002101	.	A	C	4	14	18	0.2222222222222222	0.5449543746645196	0.0077597958081245	0.0272384669183147	ENSG00000187608.10	intron
chr1	1002301	.	G	T	3	20	23	0.1304347826086956	0.583589655958077	1.376295700248885e-05	0.001183614302214	ENSG00000187608.10	intron
chr2	1000301	.	T	C	9	17	26	0.3461538461538461	0.442748589130168	0.4303246641435982	0.57824876744296	ENSG00000172554.12	intron
chr2	1000401	.	A	G	4	17	21	0.1904761904761904	0.4359367102995289	0.0266746872637979	0.0684783016324365	ENSG00000172554.12	intron
chr2	1000501	.	C	A	12	9	21	0.5714285714285714	0.5223510699826489	0.6702854296484362	0.7769806412324758	ENSG00000172554.12	intron
chr2	1000601	.	A	T	14	11	25	0.56	0.516050061050061	0.6938490041526091	0.7769806412324758	ENSG00000172554.12	intron
chr2	1000701	.	G	T	18	3	21	0.8571428571428571	0.583589655958077	0.0130374037887268	0.0400434544939468	ENSG00000172554.12	intron
chr2	1001601	.	G	A	11	14	25	0.44	0.52505031391187	0.4283132602301703	0.57824876744296	ENSG00000172554.12	intron
chr2	1001801	.	T	G	12	7	19	0.631578947368421	0.5722901002506265	0.6506926274416546	0.7769806412324758	ENSG00000172554.12	intron
chr2	1001901	.	T	C	7	18	25	0.28	0.442748589130168	0.1109182843623934	0.2008204727403334	ENSG00000172554.12	intron
chr2	1002201	.	G	T	17	6	23	0.7391304347826086	0.583589655958077	0.144000161291073	0.238154112904467	ENSG00000172554.12	intron
chr2	1002301	.	G	C	6	14	20	0.3	0.437768967874231	0.2631066633609625	0.4004809389211111	ENSG00000172554.12	intron
chr2	1002401	.	A	G	2	16	18	0.1111111111111111	0.4359367102995289	0.006986868753094	0.0254097347701517	ENSG00000172554.12	intron
chr3	1000301	.	G	T	15	4	19	0.7894736842105263	0.583589655958077	0.1009460062907167	0.186695839591433		
chr3	1000501	.	T	A	16	4	20	0.8	0.5573828345567475	0.0402599170996918	0.0899312433915194		
chr3	1000601	.	C	G	23	13	36	0.6388888888888888	0.5145288822825055	0.1814875627202337	0.2888770948735381		
chr3	1000701	.	T	A	12	6	18	0.6666666666666666	0.5573828345567475	0.4779707708463281	0.632392096812065		
chr3	1000801	.	T	A	12	11	23	0.5217391304347826	0.5573828345567475	0.8345258065562877	0.9069023245668149		
chr3	1001001	.	A	C	16	3	19	0.8421052631578947	0.5449543746645196	0.010011112862905	0.0331136810080705		
chr3	1001101	.	A	T	15	11	26	0.5769230769230769	0.516050061050061	0.5625062358833697	0.6861778196591459		
chr3	1001501	.	C	G	4	18	22	0.1818181818181818	0.5145288822825055	0.0020950785967193	0.0129171338299992		
chr3	1001601	.	A	T	12	14	26	0.4615384615384615	0.516050061050061	0.6956687136616353	0.7769806412324758		
chr3	1002001	.	A	C	8	15	23	0.3478260869565217	0.5449543746645196	0.0622189002533059	0.1243257153529941		
chr3	1002101	.	G	A	15	9	24	0.625	0.52505031391187	0.4148125450117842	0.5707820619362152		
chr4	1000135	.	G	C	14	2	16	0.875	0.437768967874231	0.0004990064453884	0.0078273944961052	ENSG00000127415.13	intron
chr4	1000201	.	T	C	8	11	19	0.4210526315789473	0.442748589130168	1.0	1.0	ENSG00000127415.13	intron
chr4	1000301	.	A	C	15	6	21	0.7142857142857143	0.5449543746645196	0.1306332961979913	0.2246892694605451	ENSG00000127415.13	intron
chr4	1000701	.	A	C	18	6	24	0.75	0.5449543746645196	0.0628856816029679	0.1243257153529941	ENSG00000127415.13	intron
chr4	1000901	.	C	G	14	12	26	0.5384615384615384	0.5145288822825055	0.8467115555076851	0.9102149221707616	ENSG00000127415.13	exon
chr4	1001128	.	A	C	18	2	20	0.9	0.5449543746645196	0.0011281694250802	0.0099923697554372	ENSG00000127415.13	exon
chr4	1001201	.	G	A	11	8	19	0.5789473684210527	0.52505031391187	0.6554872475154696	0.7769806412324758	ENSG00000127415.13	intron
chr4	1001301	.	T	G	5	18	23	0.217391304347826	0.5722901002506265	0.0010072656300479	0.0099923697554372	ENSG00000127415.13	intron
chr4	1001401	.	C	T	22	6	28	0.7857142857142857	0.4944444444444444	0.0021027892281394	0.0129171338299992	ENSG00000127415.13	intron
chr4	1001701	.	C	A	4	19	23	0.1739130434782608	0.5223510699826489	0.001154987178471	0.0099923697554372	ENSG00000127415.13	exon
chr4	1002101	.	G	T	14	8	22	0.6363636363636364	0.583589655958077	0.6712765481828717	0.7769806412324758	ENSG00000127415.13	exon
chr4	1002201	.	T	A	12	9	21	0.5714285714285714	0.5573828345567475	1.0	1.0	ENSG00000127415.13	exon
chr4	1002401	.	T	A	4	14	18	0.2222222222222222	0.5573828345567475	0.0070910887730656	0.0254097347701517	ENSG00000127415.13	exon
chr5	1000101	.	G	A	5	17	22	0.2272727272727272	0.52505031391187	0.005313979306228	0.021255917224912		
chr5	1000201	.	A	G	7	19	26	0.2692307692307692	0.4359367102995289	0.1127071616416643	0.2019336646079819		
chr5	1000301	.	C	G	20	3	23	0.8695652173913043	0.5145288822825055	0.0005460972904259	0.0078273944961052		
chr5	1000601	.	G	A	17	3	20	0.85	0.52505031391187	0.0031943464799627	0.0155959602663857		
chr5	1000901	.	C	G	17	6	23	0.7391304347826086	0.5145288822825055	0.0364213632993727	0.0824272958880541		
chr5	1001601	.	C	G	13	4	17	0.7647058823529411	0.5145288822825055	0.0506382627595194	0.1049371228269558		
chr5	1002001	.	A	G	7	13	20	0.35	0.4359367102995289	0.5045956992259939	0.6456627109595269		
chr5	1002201	.	C	A	21	6	27	0.7777777777777778	0.5223510699826489	0.0108465158213081	0.0352000136087736		
chr5	1002301	.	G	A	3	15	18	0.1666666666666666	0.52505031391187	0.0032919345848525	0.0155959602663857		
chr6	1000301	.	T	G	20	6	26	0.7692307692307693	0.5722901002506265	0.0475236384682285	0.1002616041743835	ENSG00000286785.1	intron
chr6	1000901	.	G	C	16	5	21	0.7619047619047619	0.437768967874231	0.0034597194435567	0.01565978274452	ENSG00000286785.1	intron
chr6	1001019	.	T	A	16	2	18	0.8888888888888888	0.5573828345567475	0.0038197063033035	0.016845884209441	ENSG00000286785.1	intron
chr6	1001101	.	C	T	2	17	19	0.1052631578947368	0.4944444444444444	0.0007382047470365	0.0084647477660186	ENSG00000286785.1	intron
chr6	1001201	.	C	A	23	4	27	0.8518518518518519	0.5223510699826489	0.0006971126525944	0.0084647477660186	ENSG00000286785.1	exon
chr6	1001301	.	G	C	19	4	23	0.8260869565217391	0.437768967874231	0.0001920672124742	0.0055059267575943	ENSG00000286785.1	intron
chr6	1001601	.	A	C	5	19	24	0.2083333333333333	0.5449543746645196	0.0014655970098217	0.0120039374137777	ENSG00000286785.1	intron
chr6	1002201	.	C	T	6	17	23	0.2608695652173913	0.4944444444444444	0.0349423199987683	0.0823298498601117	ENSG00000286785.1	intron
chr6	1002301	.	A	T	15	7	22	0.6818181818181818	0.516050061050061	0.1381952121788361	0.2330350636741158	ENSG00000286785.1	intron
chr7	1000101	.	C	A	13	12	25	0.52	0.5223510699826489	1.0	1.0	ENSG00000146540.15	intron
chr7	1000601	.	G	C	15	7	22	0.6818181818181818	0.437768967874231	0.0296073030603356	0.0748890606820254	ENSG00000146540.15	intron
chr7	1000901	.	A	G	5	21	26	0.1923076923076923	0.4359367102995289	0.0159578493916292	0.0449959032026266	ENSG00000146540.15	intron
chr7	1001001	.	G	C	15	6	21	0.7142857142857143	0.437768967874231	0.0140989565323129	0.0418106986820314	ENSG00000146540.15	intron
chr7	1001101	.	G	T	14	6	20	0.7	0.583589655958077	0.3672284090429392	0.5263607196282128	ENSG00000146540.15	intron
chr7	1001501	.	G	T	11	8	19	0.5789473684210527	0.583589655958077	1.0	1.0	ENSG00000146540.15	intron
chr7	1002101	.	G	C	5	15	20	0.25	0.437768967874231	0.1147691286018888	0.2035081455621121	ENSG00000146540.15	intron
chr7	1002201	.	C	T	12	18	30	0.4	0.4944444444444444	0.3624890901216687	0.5263607196282128	ENSG00000146540.15	intron
chr8	1000201	.	A	G	16	6	22	0.7272727272727273	0.4359367102995289	0.0084189013722914	0.0289610207206824	ENSG00000198010.13	intron
chr8	1000701	.	T	C	12	10	22	0.5454545454545454	0.442748589130168	0.39276868378436	0.5492375090317879	ENSG00000198010.13	intron
chr8	1000801	.	C	A	8	11	19	0.4210526315789473	0.5223510699826489	0.4921312208922348	0.6412618938898818	ENSG00000198010.13	intron
chr8	1001001	.	C	T	14	10	24	0.5833333333333334	0.4944444444444444	0.419829977827767	0.5731012395744121	ENSG00000198010.13	intron
chr8	1001101	.	C	G	14	13	27	0.5185185185185185	0.5145288822825055	1.0	1.0	ENSG00000198010.13	intron
chr8	1001301	.	T	G	5	18	23	0.217391304347826	0.5722901002506265	0.0010072656300479	0.0099923697554372	ENSG00000198010.13	intron
chr8	1001401	.	A	C	19	8	27	0.7037037037037037	0.5449543746645196	0.1219041133363458	0.2139541581005253	ENSG00000198010.13	intron
chr8	1001601	.	A	G	8	14	22	0.3636363636363636	0.4359367102995289	0.5280319210730204	0.6533920174428742	ENSG00000198010.13	intron
chr8	1001701	.	C	T	14	7	21	0.6666666666666666	0.4944444444444444	0.1299681719739598	0.2246892694605451	ENSG00000198010.13	intron
chr8	1002001	.	T	G	9	10	19	0.4736842105263157	0.5722901002506265	0.487850398427367	0.6405364009886041	ENSG00000198010.13	intron
chr8	1002301	.	T	A	14	8	22	0.6363636363636364	0.5573828345567475	0.5242911756578668	0.6533920174428742	ENSG00000198010.13	exon
chr9	1000301	.	G	C	8	11	19	0.4210526315789473	0.437768967874231	1.0	1.0		
chr9	1000601	.	C	T	4	19	23	0.1739130434782608	0.4944444444444444	0.0026341901777763	0.014158772205548		
chr9	1000843	.	T	C	17	2	19	0.8947368421052632	0.442748589130168	7.093485313718417e-05	0.0030501986848989		
chr9	1000847	.	A	C	16	2	18	0.8888888888888888	0.5449543746645196	0.0033549449410248	0.0155959602663857		
chr9	1001201	.	A	T	6	16	22	0.2727272727272727	0.516050061050061	0.030874262239837	0.0769619290616229		
chr9	1001401	.	G	T	10	10	20	0.5	0.583589655958077	0.4999340850654875	0.6456627109595269		
chr9	1001501	.	T	C	6	17	23	0.2608695652173913	0.442748589130168	0.0938880225716895	0.1755297813296804		
chr9	1002101	.	A	T	12	8	20	0.6	0.516050061050061	0.5078834980008117	0.6456627109595269		
chr9	1002201	.	A	C	13	5	18	0.7222222222222222	0.5449543746645196	0.1586148707302327	0.2598262644342859		
chr9	1002401	.	A	G	12	17	29	0.4137931034482758	0.4359367102995289	0.8536512428875581	0.91197524084882		
chr10	1000401	.	C	G	14	14	28	0.5	0.5145288822825055	1.0	1.0	ENSG00000107937.19	intron
chr10	1001001	.	T	A	15	3	18	0.8333333333333334	0.5573828345567475	0.0181084798102756	0.0486665394901157	ENSG00000107937.19	exon
chr10	1001101	.	A	C	14	10	24	0.5833333333333334	0.5449543746645196	0.8383573814309508	0.9069023245668149	ENSG00000107937.19	intron
chr10	1001201	.	A	G	5	14	19	0.2631578947368421	0.4359367102995289	0.1660191726852312	0.2693896009609413	ENSG00000107937.19	intron
chr10	1001601	.	G	T	14	6	20	0.7	0.583589655958077	0.3672284090429392	0.5263607196282128	ENSG00000107937.19	intron
chr10	1001801	.	G	C	9	24	33	0.2727272727272727	0.437768967874231	0.0777419463091059	0.1485734973907357	ENSG00000107937.19	intron
chr10	1001901	.	A	G	15	6	21	0.7142857142857143	0.4359367102995289	0.0138711156176085	0.0418106986820314	ENSG00000107937.19	intron
chr10	1002001	.	G	C	16	3	19	0.8421052631578947	0.437768967874231	0.0006400642142346	0.0084647477660186	ENSG00000107937.19	intron
chr10	1002301	.	G	A	16	7	23	0.6956521739130435	0.52505031391187	0.1425045845006994	0.2379688207196146	ENSG00000107937.19	intron
chr11	1000101	.	T	C	12	5	17	0.7058823529411765	0.442748589130168	0.0474378250707587	0.1002616041743835	ENSG00000183020.15	intron
chr11	1000601	.	A	G	13	6	19	0.6842105263157895	0.4359367102995289	0.0364111535811242	0.0824272958880541	ENSG00000183020.15	intron
chr11	1000701	.	A	C	16	4	20	0.8	0.5449543746645196	0.0242165185656499	0.0631097150498757	ENSG00000183020.15	intron
chr11	1001201	.	T	C	5	18	23	0.217391304347826	0.442748589130168	0.0348008500782646	0.0823298498601117	ENSG00000183020.15	intron
chr11	1001301	.	T	G	15	9	24	0.625	0.5722901002506265	0.6830763154409094	0.7769806412324758	ENSG00000183020.15	intron
chr11	1001584	.	G	T	22	3	25	0.88	0.583589655958077	0.0019497899689109	0.0128986105635649	ENSG00000183020.15	intron
chr11	1001601	.	G	T	13	8	21	0.6190476190476191	0.583589655958077	0.827325374046433	0.9069023245668149	ENSG00000183020.15	intron
chr11	1001901	.	T	C	3	24	27	0.1111111111111111	0.442748589130168	0.000323384345987	0.0069527634387222	ENSG00000183020.15	exon
chr11	1002101	.	T	A	2	28	30	0.0666666666666666	0.5573828345567475	1.751216647134382e-08	3.012092633071137e-06	ENSG00000183020.15	exon
chr12	1000301	.	G	C	16	12	28	0.5714285714285714	0.437768967874231	0.1830674612861375	0.2888770948735381	ENSG00000082805.21	intron
chr12	1000601	.	A	C	14	5	19	0.7368421052631579	0.5449543746645196	0.1092915619978005	0.1999803049321456	ENSG00000082805.21	intron
chr12	1000701	.	T	C	3	18	21	0.1428571428571428	0.442748589130168	0.0068500934788162	0.0254097347701517	ENSG00000082805.21	intron
chr12	1000801	.	T	C	11	13	24	0.4583333333333333	0.442748589130168	1.0	1.0	ENSG00000082805.21	intron
chr12	1001201	.	C	G	17	5	22	0.7727272727272727	0.5145288822825055	0.0178960598794242	0.0486665394901157	ENSG00000082805.21	intron
chr12	1001301	.	T	A	4	15	19	0.2105263157894736	0.5573828345567475	0.004116256718074	0.0176999038877184	ENSG00000082805.21	intron
chr12	1001501	.	G	C	7	30	37	0.1891891891891892	0.437768967874231	0.0023937378546777	0.0132813842259542	ENSG00000082805.21	intron
chr12	1001701	.	A	C	4	15	19	0.2105263157894736	0.5449543746645196	0.0044871480950003	0.0188241334717089	ENSG00000082805.21	intron
chr12	1002301	.	G	A	15	4	19	0.7894736842105263	0.52505031391187	0.0220221655719662	0.0582740381288952	ENSG00000082805.21	intron
chr16	1000101	.	G	C	14	11	25	0.56	0.437768967874231	0.2320886805018882	0.3596329103272501	ENSG00000260496.3	intron
chr16	1000301	.	C	G	9	14	23	0.391304347826087	0.5145288822825055	0.297898014159384	0.4455518124818613	ENSG00000260496.3	intron
chr16	1000401	.	A	T	11	13	24	0.4583333333333333	0.516050061050061	0.6841017305044972	0.7769806412324758	ENSG00000260496.3	exon
chr16	1000701	.	C	A	15	11	26	0.5769230769230769	0.5223510699826489	0.6956575299967475	0.7769806412324758	ENSG00000260496.3	intron
chr16	1001101	.	A	C	2	19	21	0.0952380952380952	0.5449543746645196	2.449228363018091e-05	0.0014042242614637		
chr16	1001201	.	A	G	17	5	22	0.7727272727272727	0.4359367102995289	0.0019259979178995	0.0128986105635649		
chr16	1001501	.	C	A	17	6	23	0.7391304347826086	0.5223510699826489	0.057897113716883	0.1171565124623986		
chr16	1001701	.	T	G	11	10	21	0.5238095238095238	0.5722901002506265	0.6652556170844515	0.7769806412324758		
chr16	1002101	.	T	C	15	6	21	0.7142857142857143	0.442748589130168	0.0148516900918667	0.0432964524712048		
chr16	1002201	.	C	A	14	4	18	0.7777777777777778	0.5223510699826489	0.03383844430551	0.0823298498601117		
chr16	1002301	.	T	G	15	7	22	0.6818181818181818	0.5722901002506265	0.3901108675789986	0.5492375090317879		
chr17	1000192	.	T	A	17	2	19	0.8947368421052632	0.5573828345567475	0.0022821613393347	0.0132813842259542	ENSG00000177370.5	intron
chr17	1000501	.	T	G	6	18	24	0.25	0.5722901002506265	0.0016601090670689	0.0120565413237697	ENSG00000177370.5	intron
chr17	1000701	.	G	A	12	11	23	0.5217391304347826	0.52505031391187	1.0	1.0	ENSG00000177370.5	intron
chr17	1000801	.	A	T	8	12	20	0.4	0.516050061050061	0.3726847562451205	0.5297667609434771	ENSG00000177370.5	intron
chr17	1001101	.	G	T	5	16	21	0.238095238095238	0.583589655958077	0.0015998030763966	0.0120565413237697	ENSG00000177370.5	exon
chr17	1001301	.	A	C	7	18	25	0.28	0.5449543746645196	0.0087146140518134	0.029390463076704	ENSG00000177370.5	exon
chr17	1001401	.	T	C	6	16	22	0.2727272727272727	0.442748589130168	0.1338315188216298	0.2279111013596072	ENSG00000177370.5	exon
chr17	1001601	.	C	T	5	19	24	0.2083333333333333	0.4944444444444444	0.0066880863748785	0.0254097347701517	ENSG00000177370.5	exon
chr17	1001901	.	C	A	6	15	21	0.2857142857142857	0.5223510699826489	0.0466678500526211	0.1002616041743835	ENSG00000177370.5	exon
chr17	1002001	.	A	G	11	10	21	0.5238095238095238	0.4359367102995289	0.5105240040145096	0.6456627109595269	ENSG00000177370.5	exon
chr17	1002397	.	C	G	20	3	23	0.8695652173913043	0.5145288822825055	0.0005460972904259	0.0078273944961052	ENSG00000177370.5	exon
chr18	1000061	.	T	C	15	2	17	0.8823529411764706	0.442748589130168	0.0002777694104347	0.0068251912278256	ENSG00000263551.6	intron
chr18	1000101	.	T	C	18	6	24	0.75	0.442748589130168	0.0032274004698393	0.0155959602663857	ENSG00000263551.6	intron
chr18	1000201	.	T	C	17	7	24	0.7083333333333334	0.442748589130168	0.01220655467769	0.0381732255375035	ENSG00000263551.6	intron
chr18	1000301	.	T	A	19	7	26	0.7307692307692307	0.5573828345567475	0.079068388997093	0.1494479440384615	ENSG00000263551.6	intron
chr18	1000401	.	A	G	13	6	19	0.6842105263157895	0.4359367102995289	0.0364111535811242	0.0824272958880541	ENSG00000263551.6	intron
chr18	1000556	.	A	T	16	3	19	0.8421052631578947	0.516050061050061	0.0047935916627534	0.0196308991903234	ENSG00000263551.6	intron
chr18	1001101	.	T	G	16	8	24	0.6666666666666666	0.5722901002506265	0.4131003120289589	0.5707820619362152	ENSG00000263551.6	intron
chr18	1001201	.	A	T	10	8	18	0.5555555555555556	0.516050061050061	0.8162423564066374	0.9057657116254298	ENSG00000263551.6	intron
chr18	1002201	.	A	C	22	4	26	0.8461538461538461	0.5449543746645196	0.002390381963246	0.0132813842259542	ENSG00000263551.6	intron
chr18	1002301	.	T	G	6	13	19	0.3157894736842105	0.5722901002506265	0.0344386452285967	0.0823298498601117	ENSG00000263551.6	intron
chr19	1000301	.	C	G	3	17	20	0.15	0.5145288822825055	0.0011619034599345	0.0099923697554372	ENSG00000266990.1	intron
chr19	1000501	.	G	A	19	7	26	0.7307692307692307	0.52505031391187	0.047799136873834	0.1002616041743835	ENSG00000116032.5	exon
chr19	1000501	.	G	A	19	7	26	0.7307692307692307	0.52505031391187	0.047799136873834	0.1002616041743835	ENSG00000266990.1	intron
chr19	1000701	.	C	A	5	19	24	0.2083333333333333	0.5223510699826489	0.0032558389027191	0.0155959602663857	ENSG00000116032.5	exon
chr19	1000701	.	C	A	5	19	24	0.2083333333333333	0.5223510699826489	0.0032558389027191	0.0155959602663857	ENSG00000266990.1	intron
chr19	1000851	.	C	A	18	2	20	0.9	0.5223510699826489	0.0005029993294801	0.0078273944961052	ENSG00000116032.5	exon
chr19	1000851	.	C	A	18	2	20	0.9	0.5223510699826489	0.0005029993294801	0.0078273944961052	ENSG00000266990.1	intron
chr19	1001301	.	C	G	12	12	24	0.5	0.5145288822825055	1.0	1.0	ENSG00000116032.5	intron
chr19	1001301	.	C	G	12	12	24	0.5	0.5145288822825055	1.0	1.0	ENSG00000266990.1	intron
chr19	1001401	.	T	A	12	12	24	0.5	0.5573828345567475	0.6820870727404114	0.7769806412324758	ENSG00000116032.5	intron
chr19	1001401	.	T	A	12	12	24	0.5	0.5573828345567475	0.6820870727404114	0.7769806412324758	ENSG00000266990.1	intron
chr19	1001901	.	G	A	7	10	17	0.4117647058823529	0.52505031391187	0.4676249644455425	0.6234999525940567	ENSG00000116032.5	intron
chr19	1001901	.	G	A	7	10	17	0.4117647058823529	0.52505031391187	0.4676249644455425	0.6234999525940567	ENSG00000266990.1	intron
chr19	1002101	.	G	C	8	14	22	0.3636363636363636	0.437768967874231	0.5268422403820439	0.6533920174428742	ENSG00000116032.5	intron
chr19	1002101	.	G	C	8	14	22	0.3636363636363636	0.437768967874231	0.5268422403820439	0.6533920174428742	ENSG00000266990.1	exon
chr20	1000501	.	C	A	15	5	20	0.75	0.5223510699826489	0.0453953411140929	0.1001025470721023	ENSG00000101282.9	intron
chr20	1000601	.	G	A	10	16	26	0.3846153846153846	0.52505031391187	0.1718753963104312	0.2762856837887306	ENSG00000101282.9	intron
chr20	1000701	.	C	T	11	11	22	0.5	0.4944444444444444	1.0	1.0	ENSG00000101282.9	intron
chr20	1001101	.	T	A	12	5	17	0.7058823529411765	0.5573828345567475	0.3289386993252444	0.483568002426855	ENSG00000101282.9	intron
chr20	1001201	.	G	T	13	7	20	0.65	0.583589655958077	0.6532061259419987	0.7769806412324758	ENSG00000101282.9	intron
chr20	1001301	.	G	T	7	12	19	0.3684210526315789	0.583589655958077	0.0647980633798588	0.1252277179925362	ENSG00000101282.9	intron
chr20	1001701	.	G	C	15	5	20	0.75	0.437768967874231	0.0059972107585798	0.0234436420562667	ENSG00000101282.9	intron
chr20	1001801	.	A	C	6	16	22	0.2727272727272727	0.5449543746645196	0.0164348236659933	0.0455933817830782	ENSG00000101282.9	intron
chr20	1002001	.	C	T	7	17	24	0.2916666666666667	0.4944444444444444	0.0643043792611849	0.1252277179925362	ENSG00000101282.9	intron
chr20	1002201	.	G	A	12	6	18	0.6666666666666666	0.52505031391187	0.2484962580573652	0.3816192534452394	ENSG00000101282.9	exon
