contig	position	variantID	refAllele	altAllele	refCount	altCount	totalCount	ase_ratio	ref_bias	AEI_pval	AEI_padj	gene_id	feature
chr1	10101	.	T	G	6	12	18	0.3333333333333333	0.5008743826896312	0.1663364886098673	0.3161366011591044		
chr1	12300	.	C	A	12	2	14	0.8571428571428571	0.4723686819255536	0.0053388581775967	0.0301761549168509	ENSG00000223972	intron
chr1	13301	.	A	C	10	3	13	0.7692307692307693	0.5365817512614312	0.1035073776404184	0.2292326932411311	ENSG00000223972	exon
chr1	15801	.	T	G	6	8	14	0.4285714285714285	0.5008743826896312	0.6066050106951036	0.7889250364567292	ENSG00000227232	exon
chr1	16101	.	C	T	8	6	14	0.5714285714285714	0.5266952326073545	0.7946715431247644	0.9055634606411188	ENSG00000227232	intron
chr1	16308	.	G	C	18	2	20	0.9	0.5219634137845988	0.000499448656267	0.0132506786356555	ENSG00000227232	intron
chr1	18223	.	A	T	17	2	19	0.8947368421052632	0.5295984682136045	0.0010121688805856	0.015683948867577	ENSG00000227232	intron
chr3	10201	.	T	G	7	9	16	0.4375	0.5008743826896312	0.6284563275686177	0.7965934966362904		
chr3	10601	.	C	A	5	15	20	0.25	0.4723686819255536	0.0705557690689448	0.1709940722587086		
chr3	10801	.	C	T	9	7	16	0.5625	0.5266952326073545	0.8080532879395532	0.9055634606411188		
chr3	11801	.	T	G	17	4	21	0.8095238095238095	0.5008743826896312	0.0071991605456129	0.0365582371456908	ENSG00000223587	exon
chr3	12101	.	T	C	10	10	20	0.5	0.5152445034664859	1.0	1.0	ENSG00000223587	exon
chr3	12201	.	C	T	3	14	17	0.1764705882352941	0.5266952326073545	0.0057076125453676	0.0307879514895349	ENSG00000223587	exon
chr3	12701	.	C	T	2	15	17	0.1176470588235294	0.5266952326073545	0.00086600927184	0.0146145005183963	ENSG00000223587	intron
chr3	12801	.	A	T	12	5	17	0.7058823529411765	0.5295984682136045	0.2234819840410414	0.3913405710658321	ENSG00000223587	intron
chr3	13301	.	G	T	12	5	17	0.7058823529411765	0.4947547970571774	0.0930765729520938	0.2111684901181884	ENSG00000223587	intron
